{
    "Id": 101,
    "UserId": 2,
    "Title": "Japanese grammar",
    "Body": "Verbs, adjectives and nouns"
}